Archive member included to satisfy reference by file (symbol)

c:/ac6/systemworkbench/plugins/fr.ac6.mcu.externaltools.arm-none.win32_1.15.0.201708311556/tools/compiler/bin/../lib/gcc/arm-none-eabi/6.3.1/../../../../arm-none-eabi/lib/thumb\libc.a(lib_a-errno.o)
                              startup/sysmem.o (__errno)
c:/ac6/systemworkbench/plugins/fr.ac6.mcu.externaltools.arm-none.win32_1.15.0.201708311556/tools/compiler/bin/../lib/gcc/arm-none-eabi/6.3.1/../../../../arm-none-eabi/lib/thumb\libc.a(lib_a-exit.o)
                              c:/ac6/systemworkbench/plugins/fr.ac6.mcu.externaltools.arm-none.win32_1.15.0.201708311556/tools/compiler/bin/../lib/gcc/arm-none-eabi/6.3.1/../../../../arm-none-eabi/lib/thumb/crt0.o (exit)
c:/ac6/systemworkbench/plugins/fr.ac6.mcu.externaltools.arm-none.win32_1.15.0.201708311556/tools/compiler/bin/../lib/gcc/arm-none-eabi/6.3.1/../../../../arm-none-eabi/lib/thumb\libc.a(lib_a-impure.o)
                              c:/ac6/systemworkbench/plugins/fr.ac6.mcu.externaltools.arm-none.win32_1.15.0.201708311556/tools/compiler/bin/../lib/gcc/arm-none-eabi/6.3.1/../../../../arm-none-eabi/lib/thumb\libc.a(lib_a-exit.o) (_global_impure_ptr)
c:/ac6/systemworkbench/plugins/fr.ac6.mcu.externaltools.arm-none.win32_1.15.0.201708311556/tools/compiler/bin/../lib/gcc/arm-none-eabi/6.3.1/../../../../arm-none-eabi/lib/thumb\libc.a(lib_a-init.o)
                              c:/ac6/systemworkbench/plugins/fr.ac6.mcu.externaltools.arm-none.win32_1.15.0.201708311556/tools/compiler/bin/../lib/gcc/arm-none-eabi/6.3.1/../../../../arm-none-eabi/lib/thumb/crt0.o (__libc_init_array)
c:/ac6/systemworkbench/plugins/fr.ac6.mcu.externaltools.arm-none.win32_1.15.0.201708311556/tools/compiler/bin/../lib/gcc/arm-none-eabi/6.3.1/../../../../arm-none-eabi/lib/thumb\libc.a(lib_a-memset.o)
                              c:/ac6/systemworkbench/plugins/fr.ac6.mcu.externaltools.arm-none.win32_1.15.0.201708311556/tools/compiler/bin/../lib/gcc/arm-none-eabi/6.3.1/../../../../arm-none-eabi/lib/thumb/crt0.o (memset)
c:/ac6/systemworkbench/plugins/fr.ac6.mcu.externaltools.arm-none.win32_1.15.0.201708311556/tools/compiler/bin/../lib/gcc/arm-none-eabi/6.3.1/../../../../arm-none-eabi/lib/thumb\libc.a(lib_a-sprintf.o)
                              src/lcd.o (sprintf)
c:/ac6/systemworkbench/plugins/fr.ac6.mcu.externaltools.arm-none.win32_1.15.0.201708311556/tools/compiler/bin/../lib/gcc/arm-none-eabi/6.3.1/../../../../arm-none-eabi/lib/thumb\libc.a(lib_a-svfprintf.o)
                              c:/ac6/systemworkbench/plugins/fr.ac6.mcu.externaltools.arm-none.win32_1.15.0.201708311556/tools/compiler/bin/../lib/gcc/arm-none-eabi/6.3.1/../../../../arm-none-eabi/lib/thumb\libc.a(lib_a-sprintf.o) (_svfprintf_r)
c:/ac6/systemworkbench/plugins/fr.ac6.mcu.externaltools.arm-none.win32_1.15.0.201708311556/tools/compiler/bin/../lib/gcc/arm-none-eabi/6.3.1/../../../../arm-none-eabi/lib/thumb\libc.a(lib_a-__call_atexit.o)
                              c:/ac6/systemworkbench/plugins/fr.ac6.mcu.externaltools.arm-none.win32_1.15.0.201708311556/tools/compiler/bin/../lib/gcc/arm-none-eabi/6.3.1/../../../../arm-none-eabi/lib/thumb\libc.a(lib_a-exit.o) (__call_exitprocs)
c:/ac6/systemworkbench/plugins/fr.ac6.mcu.externaltools.arm-none.win32_1.15.0.201708311556/tools/compiler/bin/../lib/gcc/arm-none-eabi/6.3.1/../../../../arm-none-eabi/lib/thumb\libc.a(lib_a-atexit.o)
                              c:/ac6/systemworkbench/plugins/fr.ac6.mcu.externaltools.arm-none.win32_1.15.0.201708311556/tools/compiler/bin/../lib/gcc/arm-none-eabi/6.3.1/../../../../arm-none-eabi/lib/thumb\libc.a(lib_a-__call_atexit.o) (atexit)
c:/ac6/systemworkbench/plugins/fr.ac6.mcu.externaltools.arm-none.win32_1.15.0.201708311556/tools/compiler/bin/../lib/gcc/arm-none-eabi/6.3.1/../../../../arm-none-eabi/lib/thumb\libc.a(lib_a-dtoa.o)
                              c:/ac6/systemworkbench/plugins/fr.ac6.mcu.externaltools.arm-none.win32_1.15.0.201708311556/tools/compiler/bin/../lib/gcc/arm-none-eabi/6.3.1/../../../../arm-none-eabi/lib/thumb\libc.a(lib_a-svfprintf.o) (_dtoa_r)
c:/ac6/systemworkbench/plugins/fr.ac6.mcu.externaltools.arm-none.win32_1.15.0.201708311556/tools/compiler/bin/../lib/gcc/arm-none-eabi/6.3.1/../../../../arm-none-eabi/lib/thumb\libc.a(lib_a-fini.o)
                              c:/ac6/systemworkbench/plugins/fr.ac6.mcu.externaltools.arm-none.win32_1.15.0.201708311556/tools/compiler/bin/../lib/gcc/arm-none-eabi/6.3.1/../../../../arm-none-eabi/lib/thumb\libc.a(lib_a-__call_atexit.o) (__libc_fini_array)
c:/ac6/systemworkbench/plugins/fr.ac6.mcu.externaltools.arm-none.win32_1.15.0.201708311556/tools/compiler/bin/../lib/gcc/arm-none-eabi/6.3.1/../../../../arm-none-eabi/lib/thumb\libc.a(lib_a-localeconv.o)
                              c:/ac6/systemworkbench/plugins/fr.ac6.mcu.externaltools.arm-none.win32_1.15.0.201708311556/tools/compiler/bin/../lib/gcc/arm-none-eabi/6.3.1/../../../../arm-none-eabi/lib/thumb\libc.a(lib_a-svfprintf.o) (_localeconv_r)
[...]
Memory Configuration

Name             Origin             Length             Attributes
RAM              0x20000000         0x00020000         xrw
ROM              0x08000000         0x00080000         xr
*default*        0x00000000         0xffffffff

Linker script and memory map

LOAD c:/ac6/systemworkbench/plugins/fr.ac6.mcu.externaltools.arm-none.win32_1.15.0.201708311556/tools/compiler/bin/../lib/gcc/arm-none-eabi/6.3.1/thumb/crti.o
LOAD c:/ac6/systemworkbench/plugins/fr.ac6.mcu.externaltools.arm-none.win32_1.15.0.201708311556/tools/compiler/bin/../lib/gcc/arm-none-eabi/6.3.1/thumb/crtbegin.o
LOAD c:/ac6/systemworkbench/plugins/fr.ac6.mcu.externaltools.arm-none.win32_1.15.0.201708311556/tools/compiler/bin/../lib/gcc/arm-none-eabi/6.3.1/../../../../arm-none-eabi/lib/thumb/crt0.o
LOAD src/delay.o
LOAD src/lcd.o
LOAD src/lcd_driver.o
LOAD src/main.o
LOAD startup/startup_stm32.o
LOAD startup/sysmem.o
LOAD c:/ac6/systemworkbench/plugins/fr.ac6.mcu.externaltools.arm-none.win32_1.15.0.201708311556/tools/compiler/bin/../lib/gcc/arm-none-eabi/6.3.1/../../../../arm-none-eabi/lib/thumb\libstdc++.a
LOAD c:/ac6/systemworkbench/plugins/fr.ac6.mcu.externaltools.arm-none.win32_1.15.0.201708311556/tools/compiler/bin/../lib/gcc/arm-none-eabi/6.3.1/../../../../arm-none-eabi/lib/thumb\libm.a
START GROUP
LOAD c:/ac6/systemworkbench/plugins/fr.ac6.mcu.externaltools.arm-none.win32_1.15.0.201708311556/tools/compiler/bin/../lib/gcc/arm-none-eabi/6.3.1/thumb\libgcc.a
LOAD c:/ac6/systemworkbench/plugins/fr.ac6.mcu.externaltools.arm-none.win32_1.15.0.201708311556/tools/compiler/bin/../lib/gcc/arm-none-eabi/6.3.1/../../../../arm-none-eabi/lib/thumb\libc.a
END GROUP
LOAD c:/ac6/systemworkbench/plugins/fr.ac6.mcu.externaltools.arm-none.win32_1.15.0.201708311556/tools/compiler/bin/../lib/gcc/arm-none-eabi/6.3.1/thumb/crtend.o
LOAD c:/ac6/systemworkbench/plugins/fr.ac6.mcu.externaltools.arm-none.win32_1.15.0.201708311556/tools/compiler/bin/../lib/gcc/arm-none-eabi/6.3.1/thumb/crtn.o
                0x20020000                _estack = 0x20020000
                0x00000000                _Min_Heap_Size = 0x0
                0x00000400                _Min_Stack_Size = 0x400

.isr_vector     0x08000000      0x1a8
                0x08000000                . = ALIGN (0x4)
 *(.isr_vector)
 .isr_vector    0x08000000      0x1a8 startup/startup_stm32.o
                0x08000000                g_pfnVectors
                0x080001a8                . = ALIGN (0x4)

.text           0x080001a8      0x490
                0x080001a8                . = ALIGN (0x4)
 *(.text)
 .text          0x080001a8       0x70 c:/ac6/systemworkbench/plugins/fr.ac6.mcu.externaltools.arm-none.win32_1.15.0.201708311556/tools/compiler/bin/../lib/gcc/arm-none-eabi/6.3.1/thumb/crtbegin.o
 *(.text*)
 .text.main     0x08000218       0x98 src/main.o
                0x08000218                main
 .text.pinISR   0x080002b0       0x30 src/main.o
                0x080002b0                pinISR
 .text.setLED   0x080002e0       0xb0 src/main.o
                0x080002e0                setLED
 .text.timerISR
                0x08000390       0x40 src/main.o
                0x08000390                timerISR
 .text.resetTimer
                0x080003d0       0x38 src/main.o
                0x080003d0                resetTimer
 .text.Reset_Handler
                0x08000408       0x50 startup/startup_stm32.o
                0x08000408                Reset_Handler
 .text.Default_Handler
                0x08000458        0x2 startup/startup_stm32.o
                0x08000458                RTC_Alarm_IRQHandler
                0x08000458                EXTI2_IRQHandler
                0x08000458                TIM8_CC_IRQHandler
                0x08000458                DebugMon_Handler
                0x08000458                UART8_IRQHandler
                0x08000458                SPI4_IRQHandler
                0x08000458                TIM1_CC_IRQHandler
                0x08000458                DMA2_Stream5_IRQHandler
                0x08000458                HardFault_Handler
                0x08000458                DMA1_Stream5_IRQHandler
                0x08000458                SysTick_Handler
                0x08000458                TAMP_STAMP_IRQHandler
                0x08000458                PendSV_Handler
                0x08000458                NMI_Handler
                0x08000458                CAN2_RX1_IRQHandler
                0x08000458                EXTI3_IRQHandler
                0x08000458                TIM8_TRG_COM_TIM14_IRQHandler
                0x08000458                TIM1_UP_TIM10_IRQHandler
                0x08000458                TIM8_UP_TIM13_IRQHandler
                0x08000458                I2C3_ER_IRQHandler
                0x08000458                LCD_TFT_IRQHandler
                0x08000458                EXTI0_IRQHandler
                0x08000458                I2C2_EV_IRQHandler
                0x08000458                DMA1_Stream2_IRQHandler
                0x08000458                CAN1_RX0_IRQHandler
                0x08000458                FPU_IRQHandler
                0x08000458                UsageFault_Handler
                0x08000458                CAN2_SCE_IRQHandler
                0x08000458                DMA2_Stream2_IRQHandler
                0x08000458                SPI1_IRQHandler
                0x08000458                TIM6_DAC_IRQHandler
                0x08000458                TIM1_BRK_TIM9_IRQHandler
                0x08000458                DCMI_IRQHandler
                0x08000458                CAN2_RX0_IRQHandler
                0x08000458                DMA2_Stream3_IRQHandler
                0x08000458                USART6_IRQHandler
                0x08000458                USART3_IRQHandler
                0x08000458                CAN1_RX1_IRQHandler
                0x08000458                UART5_IRQHandler
                0x08000458                DMA2_Stream0_IRQHandler
                0x08000458                TIM4_IRQHandler
                0x08000458                I2C1_EV_IRQHandler
                0x08000458                DMA1_Stream6_IRQHandler
                0x08000458                DMA1_Stream1_IRQHandler
                0x08000458                UART4_IRQHandler
                0x08000458                LCD_TFT_1_IRQHandler
                0x08000458                TIM3_IRQHandler
                0x08000458                RCC_IRQHandler
                0x08000458                TIM8_BRK_TIM12_IRQHandler
                0x08000458                Default_Handler
                0x08000458                EXTI15_10_IRQHandler
                0x08000458                ADC_IRQHandler
                0x08000458                DMA1_Stream7_IRQHandler
                0x08000458                TIM7_IRQHandler
                0x08000458                CAN2_TX_IRQHandler
                0x08000458                TIM5_IRQHandler
                0x08000458                DMA2_Stream7_IRQHandler
                0x08000458                I2C3_EV_IRQHandler
                0x08000458                EXTI9_5_IRQHandler
                0x08000458                RTC_WKUP_IRQHandler
                0x08000458                ETH_WKUP_IRQHandler
                0x08000458                SPI2_IRQHandler
                0x08000458                MemManage_Handler
                0x08000458                DMA1_Stream0_IRQHandler
                0x08000458                CAN1_TX_IRQHandler
                0x08000458                SVC_Handler
                0x08000458                EXTI4_IRQHandler
                0x08000458                ETH_IRQHandler
                0x08000458                WWDG_IRQHandler
                0x08000458                TIM2_IRQHandler
                0x08000458                OTG_FS_WKUP_IRQHandler
                0x08000458                TIM1_TRG_COM_TIM11_IRQHandler
                0x08000458                EXTI1_IRQHandler
                0x08000458                UART7_IRQHandler
                0x08000458                USART2_IRQHandler
                0x08000458                I2C2_ER_IRQHandler
                0x08000458                DMA2_Stream1_IRQHandler
                0x08000458                CAN1_SCE_IRQHandler
                0x08000458                FLASH_IRQHandler
                0x08000458                DMA2_Stream4_IRQHandler
                0x08000458                BusFault_Handler
                0x08000458                USART1_IRQHandler
                0x08000458                OTG_FS_IRQHandler
                0x08000458                SPI3_IRQHandler
                0x08000458                DMA1_Stream4_IRQHandler
                0x08000458                I2C1_ER_IRQHandler
                0x08000458                FMC_IRQHandler
                0x08000458                DMA2_Stream6_IRQHandler
                0x08000458                DMA1_Stream3_IRQHandler
 *fill*         0x0800045a        0x2 
 .text.__libc_init_array
                0x0800045c       0x58 c:/ac6/systemworkbench/plugins/fr.ac6.mcu.externaltools.arm-none.win32_1.15.0.201708311556/tools/compiler/bin/../lib/gcc/arm-none-eabi/6.3.1/../../../../arm-none-eabi/lib/thumb\libc.a(lib_a-init.o)
                0x0800045c                __libc_init_array
 .text.startup.register_fini
                0x080004b4       0x1c c:/ac6/systemworkbench/plugins/fr.ac6.mcu.externaltools.arm-none.win32_1.15.0.201708311556/tools/compiler/bin/../lib/gcc/arm-none-eabi/6.3.1/../../../../arm-none-eabi/lib/thumb\libc.a(lib_a-__call_atexit.o)
 .text.atexit   0x080004d0       0x14 c:/ac6/systemworkbench/plugins/fr.ac6.mcu.externaltools.arm-none.win32_1.15.0.201708311556/tools/compiler/bin/../lib/gcc/arm-none-eabi/6.3.1/../../../../arm-none-eabi/lib/thumb\libc.a(lib_a-atexit.o)
                0x080004d0                atexit
 .text.__libc_fini_array
                0x080004e4       0x3c c:/ac6/systemworkbench/plugins/fr.ac6.mcu.externaltools.arm-none.win32_1.15.0.201708311556/tools/compiler/bin/../lib/gcc/arm-none-eabi/6.3.1/../../../../arm-none-eabi/lib/thumb\libc.a(lib_a-fini.o)
                0x080004e4                __libc_fini_array
 .text.__retarget_lock_acquire_recursive
                0x08000520        0x4 c:/ac6/systemworkbench/plugins/fr.ac6.mcu.externaltools.arm-none.win32_1.15.0.201708311556/tools/compiler/bin/../lib/gcc/arm-none-eabi/6.3.1/../../../../arm-none-eabi/lib/thumb\libc.a(lib_a-lock.o)
                0x08000520                __retarget_lock_acquire_recursive
 .text.__retarget_lock_release_recursive
                0x08000524        0x4 c:/ac6/systemworkbench/plugins/fr.ac6.mcu.externaltools.arm-none.win32_1.15.0.201708311556/tools/compiler/bin/../lib/gcc/arm-none-eabi/6.3.1/../../../../arm-none-eabi/lib/thumb\libc.a(lib_a-lock.o)
                0x08000524                __retarget_lock_release_recursive
 .text.__register_exitproc
                0x08000528       0xf8 c:/ac6/systemworkbench/plugins/fr.ac6.mcu.externaltools.arm-none.win32_1.15.0.201708311556/tools/compiler/bin/../lib/gcc/arm-none-eabi/6.3.1/../../../../arm-none-eabi/lib/thumb\libc.a(lib_a-__atexit.o)
                0x08000528                __register_exitproc
 *(.glue_7)
 .glue_7        0x08000620        0x0 linker stubs
 *(.glue_7t)
 .glue_7t       0x08000620        0x0 linker stubs
 *(.eh_frame)
 .eh_frame      0x08000620        0x0 c:/ac6/systemworkbench/plugins/fr.ac6.mcu.externaltools.arm-none.win32_1.15.0.201708311556/tools/compiler/bin/../lib/gcc/arm-none-eabi/6.3.1/thumb/crtbegin.o
 *(.init)
 .init          0x08000620        0x4 c:/ac6/systemworkbench/plugins/fr.ac6.mcu.externaltools.arm-none.win32_1.15.0.201708311556/tools/compiler/bin/../lib/gcc/arm-none-eabi/6.3.1/thumb/crti.o
                0x08000620                _init
 .init          0x08000624        0x8 c:/ac6/systemworkbench/plugins/fr.ac6.mcu.externaltools.arm-none.win32_1.15.0.201708311556/tools/compiler/bin/../lib/gcc/arm-none-eabi/6.3.1/thumb/crtn.o
 *(.fini)
 .fini          0x0800062c        0x4 c:/ac6/systemworkbench/plugins/fr.ac6.mcu.externaltools.arm-none.win32_1.15.0.201708311556/tools/compiler/bin/../lib/gcc/arm-none-eabi/6.3.1/thumb/crti.o
                0x0800062c                _fini
 .fini          0x08000630        0x8 c:/ac6/systemworkbench/plugins/fr.ac6.mcu.externaltools.arm-none.win32_1.15.0.201708311556/tools/compiler/bin/../lib/gcc/arm-none-eabi/6.3.1/thumb/crtn.o
                0x08000638                . = ALIGN (0x4)
                0x08000638                _etext = .

.vfp11_veneer   0x08000638        0x0
 .vfp11_veneer  0x08000638        0x0 linker stubs

.v4_bx          0x08000638        0x0
 .v4_bx         0x08000638        0x0 linker stubs

.iplt           0x08000638        0x0
 .iplt          0x08000638        0x0 c:/ac6/systemworkbench/plugins/fr.ac6.mcu.externaltools.arm-none.win32_1.15.0.201708311556/tools/compiler/bin/../lib/gcc/arm-none-eabi/6.3.1/thumb/crtbegin.o

.rodata         0x08000638        0x4
                0x08000638                . = ALIGN (0x4)
 *(.rodata)
 *(.rodata*)
 .rodata._global_impure_ptr
                0x08000638        0x4 c:/ac6/systemworkbench/plugins/fr.ac6.mcu.externaltools.arm-none.win32_1.15.0.201708311556/tools/compiler/bin/../lib/gcc/arm-none-eabi/6.3.1/../../../../arm-none-eabi/lib/thumb\libc.a(lib_a-impure.o)
                0x08000638                _global_impure_ptr
                0x0800063c                . = ALIGN (0x4)

.rel.dyn        0x0800063c        0x0
 .rel.iplt      0x0800063c        0x0 c:/ac6/systemworkbench/plugins/fr.ac6.mcu.externaltools.arm-none.win32_1.15.0.201708311556/tools/compiler/bin/../lib/gcc/arm-none-eabi/6.3.1/thumb/crtbegin.o

.ARM.extab      0x0800063c        0x0
                0x0800063c                . = ALIGN (0x4)
 *(.ARM.extab* .gnu.linkonce.armextab.*)
                0x0800063c                . = ALIGN (0x4)

.ARM            0x0800063c        0x0
                0x0800063c                . = ALIGN (0x4)
                0x0800063c                __exidx_start = .
 *(.ARM.exidx*)
                0x0800063c                __exidx_end = .
                0x0800063c                . = ALIGN (0x4)

.preinit_array  0x0800063c        0x0
                0x0800063c                . = ALIGN (0x4)
                0x0800063c                PROVIDE (__preinit_array_start, .)
 *(.preinit_array*)
                0x0800063c                PROVIDE (__preinit_array_end, .)
                0x0800063c                . = ALIGN (0x4)

.init_array     0x0800063c        0x8
                0x0800063c                . = ALIGN (0x4)
                0x0800063c                PROVIDE (__init_array_start, .)
 *(SORT(.init_array.*))
 .init_array.00000
                0x0800063c        0x4 c:/ac6/systemworkbench/plugins/fr.ac6.mcu.externaltools.arm-none.win32_1.15.0.201708311556/tools/compiler/bin/../lib/gcc/arm-none-eabi/6.3.1/../../../../arm-none-eabi/lib/thumb\libc.a(lib_a-__call_atexit.o)
 *(.init_array*)
 .init_array    0x08000640        0x4 c:/ac6/systemworkbench/plugins/fr.ac6.mcu.externaltools.arm-none.win32_1.15.0.201708311556/tools/compiler/bin/../lib/gcc/arm-none-eabi/6.3.1/thumb/crtbegin.o
                0x08000644                PROVIDE (__init_array_end, .)
                0x08000644                . = ALIGN (0x4)

.fini_array     0x08000644        0x4
                0x08000644                . = ALIGN (0x4)
                0x08000644                PROVIDE (__fini_array_start, .)
 *(SORT(.fini_array.*))
 *(.fini_array*)
 .fini_array    0x08000644        0x4 c:/ac6/systemworkbench/plugins/fr.ac6.mcu.externaltools.arm-none.win32_1.15.0.201708311556/tools/compiler/bin/../lib/gcc/arm-none-eabi/6.3.1/thumb/crtbegin.o
                0x08000648                PROVIDE (__fini_array_end, .)
                0x08000648                . = ALIGN (0x4)
                0x08000648                _sidata = LOADADDR (.data)

.data           0x20000000      0x42c load address 0x08000648
                0x20000000                . = ALIGN (0x4)
                0x20000000                _sdata = .
 *(.data)
 *(.data*)
 .data.impure_data
                0x20000000      0x428 c:/ac6/systemworkbench/plugins/fr.ac6.mcu.externaltools.arm-none.win32_1.15.0.201708311556/tools/compiler/bin/../lib/gcc/arm-none-eabi/6.3.1/../../../../arm-none-eabi/lib/thumb\libc.a(lib_a-impure.o)
 .data.__atexit_recursive_mutex
                0x20000428        0x4 c:/ac6/systemworkbench/plugins/fr.ac6.mcu.externaltools.arm-none.win32_1.15.0.201708311556/tools/compiler/bin/../lib/gcc/arm-none-eabi/6.3.1/../../../../arm-none-eabi/lib/thumb\libc.a(lib_a-__call_atexit.o)
                0x20000428                __atexit_recursive_mutex
                0x2000042c                . = ALIGN (0x4)
                0x2000042c                _edata = .

.jcr            0x2000042c        0x0 load address 0x08000a74
 .jcr           0x2000042c        0x0 c:/ac6/systemworkbench/plugins/fr.ac6.mcu.externaltools.arm-none.win32_1.15.0.201708311556/tools/compiler/bin/../lib/gcc/arm-none-eabi/6.3.1/thumb/crtbegin.o

.igot.plt       0x2000042c        0x0 load address 0x08000a74
 .igot.plt      0x2000042c        0x0 c:/ac6/systemworkbench/plugins/fr.ac6.mcu.externaltools.arm-none.win32_1.15.0.201708311556/tools/compiler/bin/../lib/gcc/arm-none-eabi/6.3.1/thumb/crtbegin.o
                0x2000042c                . = ALIGN (0x4)

.bss            0x2000042c       0x44 load address 0x08000a74
                0x2000042c                _sbss = .
                0x2000042c                __bss_start__ = _sbss
 *(.bss)
 .bss           0x2000042c       0x1c c:/ac6/systemworkbench/plugins/fr.ac6.mcu.externaltools.arm-none.win32_1.15.0.201708311556/tools/compiler/bin/../lib/gcc/arm-none-eabi/6.3.1/thumb/crtbegin.o
 .bss           0x20000448        0x1 src/main.o
 *(.bss*)
 *(COMMON)
 *fill*         0x20000449        0x3 
 COMMON         0x2000044c       0x21 c:/ac6/systemworkbench/plugins/fr.ac6.mcu.externaltools.arm-none.win32_1.15.0.201708311556/tools/compiler/bin/../lib/gcc/arm-none-eabi/6.3.1/../../../../arm-none-eabi/lib/thumb\libc.a(lib_a-lock.o)
                0x2000044c                __lock___atexit_recursive_mutex
                0x20000450                __lock___arc4random_mutex
                0x20000454                __lock___env_recursive_mutex
                0x20000458                __lock___sinit_recursive_mutex
                0x2000045c                __lock___malloc_recursive_mutex
                0x20000460                __lock___at_quick_exit_mutex
                0x20000464                __lock___dd_hash_mutex
                0x20000468                __lock___tz_mutex
                0x2000046c                __lock___sfp_recursive_mutex
                0x20000470                . = ALIGN (0x4)
 *fill*         0x2000046d        0x3 
                0x20000470                _ebss = .
                0x20000470                __bss_end__ = _ebss

._user_heap_stack
                0x20000470      0x400 load address 0x08000a74
                0x20000470                . = ALIGN (0x8)
                0x20000470                PROVIDE (end, .)
                [!provide]                PROVIDE (_end, .)
                0x20000470                . = (. + _Min_Heap_Size)
                0x20000870                . = (. + _Min_Stack_Size)
 *fill*         0x20000470      0x400 
                0x20000870                . = ALIGN (0x8)

/DISCARD/
 libc.a(*)
 libm.a(*)
 libgcc.a(*)

.ARM.attributes
                0x00000000       0x2f
 *(.ARM.attributes)
 .ARM.attributes
                0x00000000       0x16 c:/ac6/systemworkbench/plugins/fr.ac6.mcu.externaltools.arm-none.win32_1.15.0.201708311556/tools/compiler/bin/../lib/gcc/arm-none-eabi/6.3.1/thumb/crti.o
 .ARM.attributes
                0x00000016       0x30 c:/ac6/systemworkbench/plugins/fr.ac6.mcu.externaltools.arm-none.win32_1.15.0.201708311556/tools/compiler/bin/../lib/gcc/arm-none-eabi/6.3.1/thumb/crtbegin.o
 .ARM.attributes
                0x00000046       0x30 src/main.o
 .ARM.attributes
                0x00000076       0x21 startup/startup_stm32.o
 .ARM.attributes
                0x00000097       0x30 c:/ac6/systemworkbench/plugins/fr.ac6.mcu.externaltools.arm-none.win32_1.15.0.201708311556/tools/compiler/bin/../lib/gcc/arm-none-eabi/6.3.1/../../../../arm-none-eabi/lib/thumb\libc.a(lib_a-impure.o)
 .ARM.attributes
                0x000000c7       0x30 c:/ac6/systemworkbench/plugins/fr.ac6.mcu.externaltools.arm-none.win32_1.15.0.201708311556/tools/compiler/bin/../lib/gcc/arm-none-eabi/6.3.1/../../../../arm-none-eabi/lib/thumb\libc.a(lib_a-init.o)
 .ARM.attributes
                0x000000f7       0x30 c:/ac6/systemworkbench/plugins/fr.ac6.mcu.externaltools.arm-none.win32_1.15.0.201708311556/tools/compiler/bin/../lib/gcc/arm-none-eabi/6.3.1/../../../../arm-none-eabi/lib/thumb\libc.a(lib_a-__call_atexit.o)
 .ARM.attributes
                0x00000127       0x30 c:/ac6/systemworkbench/plugins/fr.ac6.mcu.externaltools.arm-none.win32_1.15.0.201708311556/tools/compiler/bin/../lib/gcc/arm-none-eabi/6.3.1/../../../../arm-none-eabi/lib/thumb\libc.a(lib_a-atexit.o)
 .ARM.attributes
                0x00000157       0x30 c:/ac6/systemworkbench/plugins/fr.ac6.mcu.externaltools.arm-none.win32_1.15.0.201708311556/tools/compiler/bin/../lib/gcc/arm-none-eabi/6.3.1/../../../../arm-none-eabi/lib/thumb\libc.a(lib_a-fini.o)
 .ARM.attributes
                0x00000187       0x30 c:/ac6/systemworkbench/plugins/fr.ac6.mcu.externaltools.arm-none.win32_1.15.0.201708311556/tools/compiler/bin/../lib/gcc/arm-none-eabi/6.3.1/../../../../arm-none-eabi/lib/thumb\libc.a(lib_a-lock.o)
 .ARM.attributes
                0x000001b7       0x30 c:/ac6/systemworkbench/plugins/fr.ac6.mcu.externaltools.arm-none.win32_1.15.0.201708311556/tools/compiler/bin/../lib/gcc/arm-none-eabi/6.3.1/../../../../arm-none-eabi/lib/thumb\libc.a(lib_a-__atexit.o)
 .ARM.attributes
                0x000001e7       0x16 c:/ac6/systemworkbench/plugins/fr.ac6.mcu.externaltools.arm-none.win32_1.15.0.201708311556/tools/compiler/bin/../lib/gcc/arm-none-eabi/6.3.1/thumb/crtn.o
OUTPUT(Networking1 elf32-littlearm)

.debug_info     0x00000000      0x9fe
 .debug_info    0x00000000      0x991 src/main.o
 .debug_info    0x00000991       0x6d startup/startup_stm32.o

.debug_abbrev   0x00000000      0x26e
 .debug_abbrev  0x00000000      0x25c src/main.o
 .debug_abbrev  0x0000025c       0x12 startup/startup_stm32.o

.debug_aranges  0x00000000       0x70
 .debug_aranges
                0x00000000       0x48 src/main.o
 .debug_aranges
                0x00000048       0x28 startup/startup_stm32.o

.debug_ranges   0x00000000       0x58
 .debug_ranges  0x00000000       0x38 src/main.o
 .debug_ranges  0x00000038       0x20 startup/startup_stm32.o

.debug_line     0x00000000      0x3b7
 .debug_line    0x00000000      0x33b src/main.o
 .debug_line    0x0000033b       0x7c startup/startup_stm32.o

.debug_str      0x00000000      0x560
 .debug_str     0x00000000      0x560 src/main.o
                                0x5c1 (size before relaxing)

.comment        0x00000000       0x7f
 .comment       0x00000000       0x7f src/main.o
                                 0x80 (size before relaxing)

.debug_frame    0x00000000      0x278
 .debug_frame   0x00000000       0xb8 src/main.o
 .debug_frame   0x000000b8       0x2c c:/ac6/systemworkbench/plugins/fr.ac6.mcu.externaltools.arm-none.win32_1.15.0.201708311556/tools/compiler/bin/../lib/gcc/arm-none-eabi/6.3.1/../../../../arm-none-eabi/lib/thumb\libc.a(lib_a-init.o)
 .debug_frame   0x000000e4       0x54 c:/ac6/systemworkbench/plugins/fr.ac6.mcu.externaltools.arm-none.win32_1.15.0.201708311556/tools/compiler/bin/../lib/gcc/arm-none-eabi/6.3.1/../../../../arm-none-eabi/lib/thumb\libc.a(lib_a-__call_atexit.o)
 .debug_frame   0x00000138       0x28 c:/ac6/systemworkbench/plugins/fr.ac6.mcu.externaltools.arm-none.win32_1.15.0.201708311556/tools/compiler/bin/../lib/gcc/arm-none-eabi/6.3.1/../../../../arm-none-eabi/lib/thumb\libc.a(lib_a-atexit.o)
 .debug_frame   0x00000160       0x2c c:/ac6/systemworkbench/plugins/fr.ac6.mcu.externaltools.arm-none.win32_1.15.0.201708311556/tools/compiler/bin/../lib/gcc/arm-none-eabi/6.3.1/../../../../arm-none-eabi/lib/thumb\libc.a(lib_a-fini.o)
 .debug_frame   0x0000018c       0xb0 c:/ac6/systemworkbench/plugins/fr.ac6.mcu.externaltools.arm-none.win32_1.15.0.201708311556/tools/compiler/bin/../lib/gcc/arm-none-eabi/6.3.1/../../../../arm-none-eabi/lib/thumb\libc.a(lib_a-lock.o)
 .debug_frame   0x0000023c       0x3c c:/ac6/systemworkbench/plugins/fr.ac6.mcu.externaltools.arm-none.win32_1.15.0.201708311556/tools/compiler/bin/../lib/gcc/arm-none-eabi/6.3.1/../../../../arm-none-eabi/lib/thumb\libc.a(lib_a-__atexit.o)
